<!DOCTYPE html><html lang="en">	<head>		<meta charset="UTF-8">		<meta name="viewport" content="width=device-width, initial-scale=1.0, minimum-scale=1.0">		<meta http-equiv="X-UA-Compatible" content="ie=edge">		<link href="https://fonts.googleapis.com/css2?family=Montserrat:wght@400;600&display=swap" rel="stylesheet">		<link href="https://fonts.googleapis.com/css2?family=Roboto+Slab&display=swap" rel="stylesheet">		<link rel="stylesheet" href="css/style.min.css">		<title>Golden</title>	</head>	<body>		<div class="wrapper">			<header class="header">				<div class='container'>					<div class="header__nav">						<div class="header__logo">							<a href="#"><picture><source srcset="img/logo.webp" type="image/webp"><img src="img/logo.png" alt="" /></picture></a>						</div>						<ul class="header__links">							<li class="header__link"><a href="#">Home</a></li>							<li class="header__link"><a href="#services">Services</a></li>							<li class="header__link"><a href="#portfolio">Portfolio</a></li>							<li class="header__link"><a href="#about">About</a></li>							<li class="header__link"><a href="#callback">Contact</a></li>						</ul>						<div class="hamburger">							<span></span>							<span></span>							<span></span>						</div>					</div>					<div class="header__suptitle">Welcome To Our Studio!</div>					<div class="header__title">Itâ€™s nice to Meet you</div>					<a class="btn" href="#">Tell Me More</a>				</div> 			</header>			<div id="services" class="services">				<div class='container'>					<div class="title">Services</div>					<div class="subtitle">Proin iaculis purus consequat sem cure.</div>					<div class="services__row">						<div class="services__col">							<div class="services__icon">								<picture><source srcset="img/icons/basket.svg" type="image/webp"><img src="img/icons/basket.svg" alt="" /></picture>							</div>							<div class="services__title">E-Commerce</div>							<div class="services__text">Proin iaculis purus consequat sem cure digni ssim. Donec porttitora entum suscipit aenean rhoncus posuere odio in tincidunt.</div>						</div>						<div class="services__col">							<div class="services__icon">								<picture><source srcset="img/icons/laptop.svg" type="image/webp"><img src="img/icons/laptop.svg" alt="" /></picture>							</div>							<div class="services__title">Responsive Web</div>							<div class="services__text">Proin iaculis purus consequat sem cure digni ssim. Donec porttitora entum suscipit aenean rhoncus posuere odio in tincidunt.</div>						</div>						<div class="services__col">							<div class="services__icon">								<picture><source srcset="img/icons/lock.svg" type="image/webp"><img src="img/icons/lock.svg" alt="" /></picture>							</div>							<div class="services__title">Web Security</div>							<div class="services__text">Proin iaculis purus consequat sem cure digni ssim. Donec porttitora entum suscipit aenean rhoncus posuere odio in tincidunt.</div>						</div>					</div>				</div>			</div>			<div id="portfolio" class="portfolio">				<div class='container'>					<div class="title">Our portfolio</div>					<div class="subtitle">Proin iaculis purus consequat sem cure.</div>					<div class="portfolio__row">						<a href="#" class="portfolio__item">							<div class="portfolio__img">								<picture><source srcset="img/portf_1.webp" type="image/webp"><img src="img/portf_1.png" alt="" /></picture>							</div>							<div class="portfolio__info">								<div class="portfolio__title">Ebony & Ivory</div>								<div class="portfolio__descr">Branding</div>							</div>						</a>						<a href="#" class="portfolio__item">							<div class="portfolio__img">								<picture><source srcset="img/portf_2.webp" type="image/webp"><img src="img/portf_2.png" alt="" /></picture>							</div>							<div class="portfolio__info">								<div class="portfolio__title">Smart Stationary</div>								<div class="portfolio__descr">Print Design</div>							</div>						</a>						<a href="#" class="portfolio__item">							<div class="portfolio__img">								<picture><source srcset="img/portf_3.webp" type="image/webp"><img src="img/portf_3.png" alt="" /></picture>							</div>							<div class="portfolio__info">								<div class="portfolio__title">Clever Poster</div>								<div class="portfolio__descr">Print Design</div>							</div>						</a>						<a href="#" class="portfolio__item">							<div class="portfolio__img">								<picture><source srcset="img/portf_4.webp" type="image/webp"><img src="img/portf_4.png" alt="" /></picture>							</div>							<div class="portfolio__info">								<div class="portfolio__title">Vinyl Record</div>								<div class="portfolio__descr">Product Mock-Up</div>							</div>						</a>						<a href="#" class="portfolio__item">							<div class="portfolio__img">								<picture><source srcset="img/portf_5.webp" type="image/webp"><img src="img/portf_5.png" alt="" /></picture>							</div>							<div class="portfolio__info">								<div class="portfolio__title">Treehouse Template</div>								<div class="portfolio__descr">Web Design</div>							</div>						</a>						<a href="#" class="portfolio__item">							<div class="portfolio__img">								<picture><source srcset="img/portf_6.webp" type="image/webp"><img src="img/portf_6.png" alt="" /></picture>							</div>							<div class="portfolio__info">								<div class="portfolio__title">Burned Logo</div>								<div class="portfolio__descr">Branding</div>							</div>						</a>					</div>				</div>			</div>			<div id="about" class="about">				<div class='container'>					<div class="title">About Us</div>					<div class="subtitle">Proin iaculis purus consequat sem cure.</div>					<div class="about__col">						<div class="about__item">							<div class="about__info about__info_l">								<div class="about__title"><span>July 2010</span><br>Our Humble Beginnings</div>								<div class="about__text">Proin iaculis purus consequat sem cure digni ssim. Donec porttitora entum suscipit aenean rhoncus posuere odio in tincidunt. Proin iaculis purus consequat sem cure digni ssim. Donec porttitora entum suscipit.</div>							</div>							<div class="about__img">								<picture><source srcset="img/about_1.webp" type="image/webp"><img src="img/about_1.png" alt="" /></picture>							</div>							<div class="none"></div>						</div>						<div class="about__item">							<div class="none"></div>							<div class="about__img">								<picture><source srcset="img/about_2.webp" type="image/webp"><img src="img/about_2.png" alt="" /></picture>							</div>							<div class="about__info">								<div class="about__title"><span>January 2011</span><br>Facing Startup Battles</div>								<div class="about__text">Proin iaculis purus consequat sem cure digni ssim. Donec porttitora entum suscipit aenean rhoncus posuere odio in tincidunt. Proin iaculis purus consequat sem cure digni ssim. Donec porttitora entum suscipit aenean rhoncus posuere odio in tincidunt.</div>							</div>						</div>						<div class="about__item">							<div class="about__info about__info_l">								<div class="about__title"><span>December 2012</span><br>Enter The Dark Days</div>								<div class="about__text">Proin iaculis purus consequat sem cure digni ssim. Donec porttitora entum suscipit aenean rhoncus posuere odio in tincidunt. Proin iaculis purus consequat sem cure digni.</div>							</div>							<div class="about__img">								<picture><source srcset="img/about_3.webp" type="image/webp"><img src="img/about_3.png" alt="" /></picture>							</div>							<div class="none"></div>						</div>						<div class="about__item">							<div class="none"></div>							<div class="about__img">								<picture><source srcset="img/about_2.webp" type="image/webp"><img src="img/about_2.png" alt="" /></picture>							</div>							<div class="about__info">								<div class="about__title"><span>february 2014</span><br>Our Triumph</div>								<div class="about__text">Proin iaculis purus consequat sem cure digni ssim. Donec porttitora entum suscipit aenean rhoncus posuere odio in tincidunt. Proin iaculis purus consequat sem cure digni ssim. Donec porttitora entum suscipit aenean.</div>							</div>						</div>						<div class="about__item">							<div></div>							<a href="#" class="about__img_t">								Our<br>Story<br>Continues<br>...							</a>							<div class="none"></div>						</div>					</div>				</div>			</div>			<div id="team" class="team">				<div class='container'>					<div class="title">our amazing team</div>					<div class="subtitle">Proin iaculis purus consequat sem cure.</div>					<div class="team__row">						<div class="team__col">							<div class="team__item">								<div class="team__avatar"></div>								<div class="team__info">									<div class="team__name">Kimberly Thompson</div>									<div class="team__prof">Marketer</div>									<div class="team__social">										<a href="#" class="team__icon">											<picture><source srcset="img/icons/Twitter.webp" type="image/webp"><img src="img/icons/Twitter.png" alt="" /></picture>										</a>										<a href="#" class="team__icon">											<picture><source srcset="img/icons/Facebook.webp" type="image/webp"><img src="img/icons/Facebook.png" alt="" /></picture>										</a>										<a href="#" class="team__icon">											<picture><source srcset="img/icons/Pinterest.webp" type="image/webp"><img src="img/icons/Pinterest.png" alt="" /></picture>										</a>									</div>								</div>							</div>						</div>						<div class="team__col">							<div class="team__item">								<div class="team__avatar"></div>								<div class="team__info">									<div class="team__name">Rico Massimo</div>									<div class="team__prof">Coder</div>									<div class="team__social">										<a href="#" class="team__icon">											<picture><source srcset="img/icons/Twitter.webp" type="image/webp"><img src="img/icons/Twitter.png" alt="" /></picture>										</a>										<a href="#" class="team__icon">											<picture><source srcset="img/icons/Facebook.webp" type="image/webp"><img src="img/icons/Facebook.png" alt="" /></picture>										</a>										<a href="#" class="team__icon">											<picture><source srcset="img/icons/Google.webp" type="image/webp"><img src="img/icons/Google.png" alt="" /></picture>										</a>									</div>								</div>							</div>						</div>						<div class="team__col">							<div class="team__item">								<div class="team__avatar"></div>								<div class="team__info">									<div class="team__name">Uku Mason</div>									<div class="team__prof">Graphic Designer</div>									<div class="team__social">										<a href="#" class="team__icon">											<picture><source srcset="img/icons/Facebook.webp" type="image/webp"><img src="img/icons/Facebook.png" alt="" /></picture>										</a>										<a href="#" class="team__icon">											<picture><source srcset="img/icons/Pinterest.webp" type="image/webp"><img src="img/icons/Pinterest.png" alt="" /></picture>										</a>									</div>								</div>							</div>						</div>					</div>					<div class="team__ps">Proin iaculis purus consequat sem cure  digni ssim donec porttitora entum suscipit aenean rhoncus posuere odio in tincidunt proin iaculis.</div>				</div>			</div>			<div class="brands">				<div class='container'>					<div class="brands__row">						<div class="brands__item">							<picture><source srcset="img/Envato.webp" type="image/webp"><img src="img/Envato.png" alt="" /></picture>						</div>						<div class="brands__item">							<picture><source srcset="img/WordPress.webp" type="image/webp"><img src="img/WordPress.png" alt="" /></picture>						</div>						<div class="brands__item">							<picture><source srcset="img/Tuts.webp" type="image/webp"><img src="img/Tuts.png" alt="" /></picture>						</div>						<div class="brands__item">							<picture><source srcset="img/Microlancer.webp" type="image/webp"><img src="img/Microlancer.png" alt="" /></picture>						</div>					</div>				</div>			</div>			<div id="callback" class="callback">				<div class='container'>					<div class="callback__title title title_w">Contact us</div>					<div class="subtitle">Proin iaculis purus consequat sem cure.</div>					<form class="callback__form" action="#" enctype="multipart/form-data">						<div class="callback__col">							<div class="callback__item callback__item_i">								<input required class="callback__input" type="text" placeholder="your Name *">								<input required class="callback__input" type="email" placeholder="your e-mail *">								<input class="callback__input" type="text" placeholder="subject">							</div>							<div class="callback__item">								<textarea required class="callback__textarea" name="message" placeholder="Your message *"></textarea>							</div>						</div>						<button type="submit" class="btn">Send Message</button>					</form>				</div>			</div>			<footer class="footer">				<div class='container'>					<div class="footer__links">						<a href="#" class="footer__item">							<picture><source srcset="img/icons/Twitter.webp" type="image/webp"><img src="img/icons/Twitter.png" alt="" /></picture>						</a>						<a href="#" class="footer__item">							<picture><source srcset="img/icons/Facebook.webp" type="image/webp"><img src="img/icons/Facebook.png" alt="" /></picture>						</a>						<a href="#" class="footer__item">							<picture><source srcset="img/icons/Pinterest.webp" type="image/webp"><img src="img/icons/Pinterest.png" alt="" /></picture>						</a>						<a href="#" class="footer__item">							<picture><source srcset="img/icons/Google.webp" type="image/webp"><img src="img/icons/Google.png" alt="" /></picture>						</a>					</div>					<div class="footer__text">Â© Copyright 2014 FreebiesXpress.com</div>				</div>			</footer>		</div>		<script src="js/script.js"></script>	</body></html>